// Jest Snapshot v1, https://goo.gl/fbAQLP

exports[`Tooltip should render correctly 1`] = `
<div>
  <div
    aria-describedby="test-id"
  >
    Aetna
  </div>
</div>
`;
