// Jest Snapshot v1, https://goo.gl/fbAQLP

exports[`Input should render correctly 1`] = `
<div>
  <form
    class="ant-form ant-form-horizontal css-dev-only-do-not-override-os2fvf"
  >
    <input
      class="ant-input ant-input-lg css-dev-only-do-not-override-os2fvf ant-input-outlined"
      id="name"
      name="name"
      type="text"
      value=""
    />
  </form>
</div>
`;
