// Jest Snapshot v1, https://goo.gl/fbAQLP

exports[`Button should render correctly 1`] = `
<div>
  <button
    class="ant-btn css-dev-only-do-not-override-tpassh ant-btn-default ant-btn-color-default ant-btn-variant-outlined"
    type="button"
  />
</div>
`;
