// Jest Snapshot v1, https://goo.gl/fbAQLP

exports[`Popover should render correctly 1`] = `
<div>
  <div>
    Aetna
  </div>
</div>
`;
