// Jest Snapshot v1, https://goo.gl/fbAQLP

exports[`Breadcrumb should render correctly 1`] = `
<div>
  <nav
    class="ant-breadcrumb css-dev-only-do-not-override-os2fvf"
  >
    <ol />
  </nav>
</div>
`;
