// Jest Snapshot v1, https://goo.gl/fbAQLP

exports[`Modal should render correctly with onClose 1`] = `<div />`;
