// Jest Snapshot v1, https://goo.gl/fbAQLP

exports[`Alert should render correctly 1`] = `
<div>
  <div
    class="ant-alert ant-alert-info ant-alert-no-icon css-dev-only-do-not-override-ccdg5a"
    data-show="true"
    role="alert"
  >
    <div
      class="ant-alert-content"
    >
      <div
        class="ant-alert-message"
      >
        Hello world
      </div>
    </div>
  </div>
</div>
`;
